LineBreakpoint created at coroutineStepping.kt:17
Run Java
Connected to the target VM
coroutineStepping.kt:17
coroutineStepping.kt:18
Packets sent: 76, methods called: 18
coroutineStepping.kt:19
Packets sent: 68, methods called: 17
coroutineStepping.kt:18
Packets sent: 80, methods called: 18
coroutineStepping.kt:19
Packets sent: 70, methods called: 17
coroutineStepping.kt:18
Packets sent: 77, methods called: 18
coroutineStepping.kt:19
Packets sent: 70, methods called: 17
coroutineStepping.kt:18
Packets sent: 77, methods called: 18
coroutineStepping.kt:19
Packets sent: 70, methods called: 17
coroutineStepping.kt:18
Packets sent: 77, methods called: 18
coroutineStepping.kt:19
Packets sent: 70, methods called: 17
Disconnected from the target VM

Process finished with exit code 0
