LineBreakpoint created at filterSmartStepWithInlineClass.kt:18
Run Java
Connected to the target VM
filterSmartStepWithInlineClass.kt:18
filterSmartStepWithInlineClass.kt:6
filterSmartStepWithInlineClass.kt:18
filterSmartStepWithInlineClass.kt:10
Disconnected from the target VM

Process finished with exit code 0
