λ 7 Highlight range: '{ println() }'
λ 9 Highlight range: '{ /// *, L, M, λ\n    println() /// L\n}'
  Preview: Highlight range: '{ /// *, L, M, λ'
λ 14 Highlight range: '{ println() /// *, L, M, λ\n    println() /// L\n}'
  Preview: Highlight range: '{ println() /// *, L, M, λ'
λ 18 Highlight range: '{ run { println() } /// *, L, M, λ, λ\n    println() /// L\n}'
  Preview: Highlight range: '{ run { println() } /// *, L, M, λ, λ'
λ 18 Highlight range: '{ println() }'
λ 40 Highlight range: '{ println() }'
λ 42 Highlight range: '{ /// M, λ\n    println() /// L\n}'
  Preview: Highlight range: '{ /// M, λ'
L 47 Highlight whole line
  Preview: Highlight range: '{ println() }'
λ 47 Highlight range: '{ println() }'
λ 49 Highlight range: '{ /// *, L, M, λ\n    println() /// L\n}'
  Preview: Highlight range: '{ /// *, L, M, λ'
λ 57 Highlight range: '{ println() }'
λ 63 Highlight range: '{ "foo" }'
λ 68 Highlight range: '{ it % 2 == 0 }'
λ 69 Highlight range: '{ /// *, L, λ\n            it * 2 /// L\n        }'
  Preview: Highlight range: '{ /// *, L, λ'
λ 77 Highlight range: '{ it * 2 }'
λ 77 Highlight range: '{ it * 3 }'
λ 82 Highlight range: '{ x -> x.let { 42 } }'
λ 82 Highlight range: '{ 42 }'
