λ 2 Highlight range: '{ "foo" }'
λ 4 Highlight range: '{ val a = 5 }'
λ 6 Highlight range: '{ /// *, L, λ\n        val a = 5 /// L\n    }'
  Preview: Highlight range: '{ /// *, L, λ'
λ 10 Highlight range: '{ val a = 5 }'
λ 12 Highlight range: '{ /// *, L, λ\n        val a = 5 /// L\n    }'
  Preview: Highlight range: '{ /// *, L, λ'
λ 16 Highlight range: '{ val a = 5}'
λ 18 Highlight range: '{ /// *, L, λ\n        val a = 5 /// L\n    }'
  Preview: Highlight range: '{ /// *, L, λ'
λ 22 Highlight range: '{ val a = 5 }'
λ 24 Highlight range: '{ /// *, L, λ\n        val a = 5 /// L\n    }'
  Preview: Highlight range: '{ /// *, L, λ'
λ 28 Highlight range: '{ val a = 5 }'
λ 30 Highlight range: '{ /// *, L, λ\n        val a = 5 /// L\n    }'
  Preview: Highlight range: '{ /// *, L, λ'
