λ 1 Highlight range: '{ a, b -> "Both ${a + b}" }'
λ 4 Highlight range: '{ a, b -> "Both ${a + b}" }'
