λ 9 Highlight range: 'fun() { /// *, L, λ\n        println() /// L\n    } /// L'
  Preview: Highlight range: 'fun() { /// *, L, λ'
λ 15 Highlight range: 'fun() { println() } /// *, L, λ'
λ 19 Highlight range: 'fun() = /// *, L, λ\n        println() /// L'
  Preview: Highlight range: 'fun() = /// *, L, λ'
λ 24 Highlight range: 'fun() = println()  /// *, L, λ'
λ 28 Highlight range: '{ /// *, L, λ\n        println() /// L\n    }'
  Preview: Highlight range: '{ /// *, L, λ'
λ 34 Highlight range: '{ println() }'
λ 38 Highlight range: '{ println() }'
