λ 14 Highlight range: '{ field + "x" }'
L 20 Highlight whole line
  Preview: Highlight range: 'get() = run { field + "x" } /// *, L, M, λ'
λ 20 Highlight range: '{ field + "x" }'
